Archive member included to satisfy reference by file (symbol)

C:/ST/STM32CubeIDE_1.18.0/STM32CubeIDE/plugins/com.st.stm32cube.ide.mcu.externaltools.gnu-tools-for-stm32.13.3.rel1.win32_1.0.0.202411081344/tools/bin/../lib/gcc/arm-none-eabi/13.3.1/../../../../arm-none-eabi/lib/thumb/v7e-m+fp/hard\libc_nano.a(libc_a-exit.o)
                              C:/ST/STM32CubeIDE_1.18.0/STM32CubeIDE/plugins/com.st.stm32cube.ide.mcu.externaltools.gnu-tools-for-stm32.13.3.rel1.win32_1.0.0.202411081344/tools/bin/../lib/gcc/arm-none-eabi/13.3.1/../../../../arm-none-eabi/lib/thumb/v7e-m+fp/hard/crt0.o (exit)
C:/ST/STM32CubeIDE_1.18.0/STM32CubeIDE/plugins/com.st.stm32cube.ide.mcu.externaltools.gnu-tools-for-stm32.13.3.rel1.win32_1.0.0.202411081344/tools/bin/../lib/gcc/arm-none-eabi/13.3.1/../../../../arm-none-eabi/lib/thumb/v7e-m+fp/hard\libc_nano.a(libc_a-findfp.o)
                              C:/ST/STM32CubeIDE_1.18.0/STM32CubeIDE/plugins/com.st.stm32cube.ide.mcu.externaltools.gnu-tools-for-stm32.13.3.rel1.win32_1.0.0.202411081344/tools/bin/../lib/gcc/arm-none-eabi/13.3.1/../../../../arm-none-eabi/lib/thumb/v7e-m+fp/hard\libc_nano.a(libc_a-exit.o) (__stdio_exit_handler)
C:/ST/STM32CubeIDE_1.18.0/STM32CubeIDE/plugins/com.st.stm32cube.ide.mcu.externaltools.gnu-tools-for-stm32.13.3.rel1.win32_1.0.0.202411081344/tools/bin/../lib/gcc/arm-none-eabi/13.3.1/../../../../arm-none-eabi/lib/thumb/v7e-m+fp/hard\libc_nano.a(libc_a-fwalk.o)
                              C:/ST/STM32CubeIDE_1.18.0/STM32CubeIDE/plugins/com.st.stm32cube.ide.mcu.externaltools.gnu-tools-for-stm32.13.3.rel1.win32_1.0.0.202411081344/tools/bin/../lib/gcc/arm-none-eabi/13.3.1/../../../../arm-none-eabi/lib/thumb/v7e-m+fp/hard\libc_nano.a(libc_a-findfp.o) (_fwalk_sglue)
C:/ST/STM32CubeIDE_1.18.0/STM32CubeIDE/plugins/com.st.stm32cube.ide.mcu.externaltools.gnu-tools-for-stm32.13.3.rel1.win32_1.0.0.202411081344/tools/bin/../lib/gcc/arm-none-eabi/13.3.1/../../../../arm-none-eabi/lib/thumb/v7e-m+fp/hard\libc_nano.a(libc_a-stdio.o)
                              C:/ST/STM32CubeIDE_1.18.0/STM32CubeIDE/plugins/com.st.stm32cube.ide.mcu.externaltools.gnu-tools-for-stm32.13.3.rel1.win32_1.0.0.202411081344/tools/bin/../lib/gcc/arm-none-eabi/13.3.1/../../../../arm-none-eabi/lib/thumb/v7e-m+fp/hard\libc_nano.a(libc_a-findfp.o) (__sread)
C:/ST/STM32CubeIDE_1.18.0/STM32CubeIDE/plugins/com.st.stm32cube.ide.mcu.externaltools.gnu-tools-for-stm32.13.3.rel1.win32_1.0.0.202411081344/tools/bin/../lib/gcc/arm-none-eabi/13.3.1/../../../../arm-none-eabi/lib/thumb/v7e-m+fp/hard\libc_nano.a(libc_a-memset.o)
                              C:/ST/STM32CubeIDE_1.18.0/STM32CubeIDE/plugins/com.st.stm32cube.ide.mcu.externaltools.gnu-tools-for-stm32.13.3.rel1.win32_1.0.0.202411081344/tools/bin/../lib/gcc/arm-none-eabi/13.3.1/../../../../arm-none-eabi/lib/thumb/v7e-m+fp/hard/crt0.o (memset)
C:/ST/STM32CubeIDE_1.18.0/STM32CubeIDE/plugins/com.st.stm32cube.ide.mcu.externaltools.gnu-tools-for-stm32.13.3.rel1.win32_1.0.0.202411081344/tools/bin/../lib/gcc/arm-none-eabi/13.3.1/../../../../arm-none-eabi/lib/thumb/v7e-m+fp/hard\libc_nano.a(libc_a-closer.o)
                              C:/ST/STM32CubeIDE_1.18.0/STM32CubeIDE/plugins/com.st.stm32cube.ide.mcu.externaltools.gnu-tools-for-stm32.13.3.rel1.win32_1.0.0.202411081344/tools/bin/../lib/gcc/arm-none-eabi/13.3.1/../../../../arm-none-eabi/lib/thumb/v7e-m+fp/hard\libc_nano.a(libc_a-stdio.o) (_close_r)
C:/ST/STM32CubeIDE_1.18.0/STM32CubeIDE/plugins/com.st.stm32cube.ide.mcu.externaltools.gnu-tools-for-stm32.13.3.rel1.win32_1.0.0.202411081344/tools/bin/../lib/gcc/arm-none-eabi/13.3.1/../../../../arm-none-eabi/lib/thumb/v7e-m+fp/hard\libc_nano.a(libc_a-reent.o)
                              C:/ST/STM32CubeIDE_1.18.0/STM32CubeIDE/plugins/com.st.stm32cube.ide.mcu.externaltools.gnu-tools-for-stm32.13.3.rel1.win32_1.0.0.202411081344/tools/bin/../lib/gcc/arm-none-eabi/13.3.1/../../../../arm-none-eabi/lib/thumb/v7e-m+fp/hard\libc_nano.a(libc_a-closer.o) (errno)
C:/ST/STM32CubeIDE_1.18.0/STM32CubeIDE/plugins/com.st.stm32cube.ide.mcu.externaltools.gnu-tools-for-stm32.13.3.rel1.win32_1.0.0.202411081344/tools/bin/../lib/gcc/arm-none-eabi/13.3.1/../../../../arm-none-eabi/lib/thumb/v7e-m+fp/hard\libc_nano.a(libc_a-impure.o)
                              C:/ST/STM32CubeIDE_1.18.0/STM32CubeIDE/plugins/com.st.stm32cube.ide.mcu.externaltools.gnu-tools-for-stm32.13.3.rel1.win32_1.0.0.202411081344/tools/bin/../lib/gcc/arm-none-eabi/13.3.1/../../../../arm-none-eabi/lib/thumb/v7e-m+fp/hard\libc_nano.a(libc_a-reent.o) (_impure_ptr)
C:/ST/STM32CubeIDE_1.18.0/STM32CubeIDE/plugins/com.st.stm32cube.ide.mcu.externaltools.gnu-tools-for-stm32.13.3.rel1.win32_1.0.0.202411081344/tools/bin/../lib/gcc/arm-none-eabi/13.3.1/../../../../arm-none-eabi/lib/thumb/v7e-m+fp/hard\libc_nano.a(libc_a-lseekr.o)
[...]
Memory Configuration

Name             Origin             Length             Attributes
CCMRAM           0x10000000         0x00002000         xrw
RAM              0x20000000         0x0000a000         xrw
FLASH            0x08000000         0x00040000         xr
*default*        0x00000000         0xffffffff

Linker script and memory map

LOAD C:/ST/STM32CubeIDE_1.18.0/STM32CubeIDE/plugins/com.st.stm32cube.ide.mcu.externaltools.gnu-tools-for-stm32.13.3.rel1.win32_1.0.0.202411081344/tools/bin/../lib/gcc/arm-none-eabi/13.3.1/thumb/v7e-m+fp/hard/crti.o
LOAD C:/ST/STM32CubeIDE_1.18.0/STM32CubeIDE/plugins/com.st.stm32cube.ide.mcu.externaltools.gnu-tools-for-stm32.13.3.rel1.win32_1.0.0.202411081344/tools/bin/../lib/gcc/arm-none-eabi/13.3.1/thumb/v7e-m+fp/hard/crtbegin.o
LOAD C:/ST/STM32CubeIDE_1.18.0/STM32CubeIDE/plugins/com.st.stm32cube.ide.mcu.externaltools.gnu-tools-for-stm32.13.3.rel1.win32_1.0.0.202411081344/tools/bin/../lib/gcc/arm-none-eabi/13.3.1/../../../../arm-none-eabi/lib/thumb/v7e-m+fp/hard/crt0.o
LOAD ./Src/digital_io_c.o
LOAD ./Src/main_c.o
LOAD ./Src/syscalls.o
LOAD ./Src/sysmem.o
LOAD ./Startup/startup_stm32f303vctx.o
START GROUP
LOAD C:/ST/STM32CubeIDE_1.18.0/STM32CubeIDE/plugins/com.st.stm32cube.ide.mcu.externaltools.gnu-tools-for-stm32.13.3.rel1.win32_1.0.0.202411081344/tools/bin/../lib/gcc/arm-none-eabi/13.3.1/../../../../arm-none-eabi/lib/thumb/v7e-m+fp/hard\libc_nano.a
LOAD C:/ST/STM32CubeIDE_1.18.0/STM32CubeIDE/plugins/com.st.stm32cube.ide.mcu.externaltools.gnu-tools-for-stm32.13.3.rel1.win32_1.0.0.202411081344/tools/bin/../lib/gcc/arm-none-eabi/13.3.1/../../../../arm-none-eabi/lib/thumb/v7e-m+fp/hard\libm.a
END GROUP
START GROUP
LOAD C:/ST/STM32CubeIDE_1.18.0/STM32CubeIDE/plugins/com.st.stm32cube.ide.mcu.externaltools.gnu-tools-for-stm32.13.3.rel1.win32_1.0.0.202411081344/tools/bin/../lib/gcc/arm-none-eabi/13.3.1/thumb/v7e-m+fp/hard\libgcc.a
LOAD C:/ST/STM32CubeIDE_1.18.0/STM32CubeIDE/plugins/com.st.stm32cube.ide.mcu.externaltools.gnu-tools-for-stm32.13.3.rel1.win32_1.0.0.202411081344/tools/bin/../lib/gcc/arm-none-eabi/13.3.1/../../../../arm-none-eabi/lib/thumb/v7e-m+fp/hard\libc_nano.a
END GROUP
START GROUP
LOAD C:/ST/STM32CubeIDE_1.18.0/STM32CubeIDE/plugins/com.st.stm32cube.ide.mcu.externaltools.gnu-tools-for-stm32.13.3.rel1.win32_1.0.0.202411081344/tools/bin/../lib/gcc/arm-none-eabi/13.3.1/thumb/v7e-m+fp/hard\libgcc.a
LOAD C:/ST/STM32CubeIDE_1.18.0/STM32CubeIDE/plugins/com.st.stm32cube.ide.mcu.externaltools.gnu-tools-for-stm32.13.3.rel1.win32_1.0.0.202411081344/tools/bin/../lib/gcc/arm-none-eabi/13.3.1/../../../../arm-none-eabi/lib/thumb/v7e-m+fp/hard\libc_nano.a
LOAD C:/ST/STM32CubeIDE_1.18.0/STM32CubeIDE/plugins/com.st.stm32cube.ide.mcu.externaltools.gnu-tools-for-stm32.13.3.rel1.win32_1.0.0.202411081344/tools/bin/../lib/gcc/arm-none-eabi/13.3.1/../../../../arm-none-eabi/lib/thumb/v7e-m+fp/hard\libnosys.a
END GROUP
START GROUP
LOAD C:/ST/STM32CubeIDE_1.18.0/STM32CubeIDE/plugins/com.st.stm32cube.ide.mcu.externaltools.gnu-tools-for-stm32.13.3.rel1.win32_1.0.0.202411081344/tools/bin/../lib/gcc/arm-none-eabi/13.3.1/thumb/v7e-m+fp/hard\libgcc.a
LOAD C:/ST/STM32CubeIDE_1.18.0/STM32CubeIDE/plugins/com.st.stm32cube.ide.mcu.externaltools.gnu-tools-for-stm32.13.3.rel1.win32_1.0.0.202411081344/tools/bin/../lib/gcc/arm-none-eabi/13.3.1/../../../../arm-none-eabi/lib/thumb/v7e-m+fp/hard\libc_nano.a
LOAD C:/ST/STM32CubeIDE_1.18.0/STM32CubeIDE/plugins/com.st.stm32cube.ide.mcu.externaltools.gnu-tools-for-stm32.13.3.rel1.win32_1.0.0.202411081344/tools/bin/../lib/gcc/arm-none-eabi/13.3.1/../../../../arm-none-eabi/lib/thumb/v7e-m+fp/hard\libnosys.a
END GROUP
LOAD C:/ST/STM32CubeIDE_1.18.0/STM32CubeIDE/plugins/com.st.stm32cube.ide.mcu.externaltools.gnu-tools-for-stm32.13.3.rel1.win32_1.0.0.202411081344/tools/bin/../lib/gcc/arm-none-eabi/13.3.1/thumb/v7e-m+fp/hard/crtend.o
LOAD C:/ST/STM32CubeIDE_1.18.0/STM32CubeIDE/plugins/com.st.stm32cube.ide.mcu.externaltools.gnu-tools-for-stm32.13.3.rel1.win32_1.0.0.202411081344/tools/bin/../lib/gcc/arm-none-eabi/13.3.1/thumb/v7e-m+fp/hard/crtn.o
                0x2000a000                        _estack = (ORIGIN (RAM) + LENGTH (RAM))
                0x00000200                        _Min_Heap_Size = 0x200
                0x00000400                        _Min_Stack_Size = 0x400

.isr_vector     0x08000000      0x194
                0x08000000                        . = ALIGN (0x4)
 *(.isr_vector)
 .isr_vector    0x08000000      0x194 ./Startup/startup_stm32f303vctx.o
                0x08000000                g_pfnVectors
                0x08000194                        . = ALIGN (0x4)

.text           0x08000194      0x4b0
                0x08000194                        . = ALIGN (0x4)
 *(.text)
 .text          0x08000194       0x40 C:/ST/STM32CubeIDE_1.18.0/STM32CubeIDE/plugins/com.st.stm32cube.ide.mcu.externaltools.gnu-tools-for-stm32.13.3.rel1.win32_1.0.0.202411081344/tools/bin/../lib/gcc/arm-none-eabi/13.3.1/thumb/v7e-m+fp/hard/crtbegin.o
 *(.text*)
 .text.__NVIC_EnableIRQ
                0x080001d4       0x3c ./Src/digital_io_c.o
 .text.__NVIC_SetPriority
                0x08000210       0x54 ./Src/digital_io_c.o
 .text.DigitalIO_Init
                0x08000264       0xc8 ./Src/digital_io_c.o
                0x08000264                DigitalIO_Init
 .text.DigitalIO_SetButtonCallback
                0x0800032c       0x20 ./Src/digital_io_c.o
                0x0800032c                DigitalIO_SetButtonCallback
 .text.DigitalIO_SetLED
                0x0800034c       0x78 ./Src/digital_io_c.o
                0x0800034c                DigitalIO_SetLED
 .text.DigitalIO_GetLEDState
                0x080003c4       0x38 ./Src/digital_io_c.o
                0x080003c4                DigitalIO_GetLEDState
 .text.DigitalIO_SetLEDPattern
                0x080003fc       0x30 ./Src/digital_io_c.o
                0x080003fc                DigitalIO_SetLEDPattern
 .text.DigitalIO_GetLEDPattern
                0x0800042c       0x18 ./Src/digital_io_c.o
                0x0800042c                DigitalIO_GetLEDPattern
 .text.EXTI0_IRQHandler
                0x08000444       0x38 ./Src/digital_io_c.o
                0x08000444                EXTI0_IRQHandler
 .text.chase_led
                0x0800047c       0x2e ./Src/main_c.o
                0x0800047c                chase_led
 .text.toggle_pattern
                0x080004aa       0x38 ./Src/main_c.o
                0x080004aa                toggle_pattern
 *fill*         0x080004e2        0x2 
 .text.main     0x080004e4       0xac ./Src/main_c.o
                0x080004e4                main
 .text.Reset_Handler
                0x08000590       0x50 ./Startup/startup_stm32f303vctx.o
                0x08000590                Reset_Handler
 .text.Default_Handler
                0x080005e0        0x2 ./Startup/startup_stm32f303vctx.o
                0x080005e0                TIM8_TRG_COM_IRQHandler
                0x080005e0                TIM8_CC_IRQHandler
                0x080005e0                DebugMon_Handler
                0x080005e0                DMA1_CH4_IRQHandler
                0x080005e0                SPI4_IRQHandler
                0x080005e0                TIM1_CC_IRQHandler
                0x080005e0                HardFault_Handler
                0x080005e0                USB_HP_IRQHandler
                0x080005e0                I2C2_EV_EXTI24_IRQHandler
                0x080005e0                SysTick_Handler
                0x080005e0                USB_WKUP_EXTI_IRQHandler
                0x080005e0                PVD_IRQHandler
                0x080005e0                UART4_EXTI34_IRQHandler
                0x080005e0                TAMP_STAMP_IRQHandler
                0x080005e0                PendSV_Handler
                0x080005e0                NMI_Handler
                0x080005e0                EXTI3_IRQHandler
                0x080005e0                I2C3_ER_IRQHandler
                0x080005e0                TIM6_DACUNDER_IRQHandler
                0x080005e0                USB_HP_CAN_TX_IRQHandler
                0x080005e0                DMA2_CH1_IRQHandler
                0x080005e0                TIM1_UP_TIM16_IRQHandler
                0x080005e0                UsageFault_Handler
                0x080005e0                ADC1_2_IRQHandler
                0x080005e0                SPI1_IRQHandler
                0x080005e0                CAN_SCE_IRQHandler
                0x080005e0                DMA1_CH7_IRQHandler
                0x080005e0                TIM8_UP_IRQHandler
                0x080005e0                COMP456_IRQHandler
                0x080005e0                DMA1_CH6_IRQHandler
                0x080005e0                TIM20_TRG_COM_IRQHandler
                0x080005e0                ADC3_IRQHandler
                0x080005e0                TIM4_IRQHandler
                0x080005e0                CAN_RX1_IRQHandler
                0x080005e0                USART1_EXTI25_IRQHandler
                0x080005e0                DMA2_CH5_IRQHandler
                0x080005e0                I2C1_EV_EXTI23_IRQHandler
                0x080005e0                DMA1_CH3_IRQHandler
                0x080005e0                TIM3_IRQHandler
                0x080005e0                RCC_IRQHandler
                0x080005e0                TIM20_UP_IRQHandler
                0x080005e0                Default_Handler
                0x080005e0                EXTI15_10_IRQHandler
                0x080005e0                USART2_EXTI26_IRQHandler
                0x080005e0                USART3_EXTI28_IRQHandler
                0x080005e0                TIM7_IRQHandler
                0x080005e0                I2C3_EV_IRQHandler
                0x080005e0                EXTI9_5_IRQHandler
                0x080005e0                DMA1_CH2_IRQHandler
                0x080005e0                RTC_WKUP_IRQHandler
                0x080005e0                SPI2_IRQHandler
                0x080005e0                DMA1_CH1_IRQHandler
                0x080005e0                USB_LP_CAN_RX0_IRQHandler
                0x080005e0                MemManage_Handler
                0x080005e0                COMP123_IRQHandler
                0x080005e0                SVC_Handler
                0x080005e0                USB_LP_IRQHandler
                0x080005e0                EXTI4_IRQHandler
                0x080005e0                TIM1_TRG_COM_TIM17_IRQHandler
                0x080005e0                ADC4_IRQHandler
                0x080005e0                WWDG_IRQHandler
                0x080005e0                TIM2_IRQHandler
                0x080005e0                COMP7_IRQHandler
                0x080005e0                EXTI1_IRQHandler
                0x080005e0                RTCAlarm_IRQHandler
                0x080005e0                UART5_EXTI35_IRQHandler
                0x080005e0                TIM20_BRK_IRQHandler
                0x080005e0                I2C2_ER_IRQHandler
                0x080005e0                TIM8_BRK_IRQHandler
                0x080005e0                FLASH_IRQHandler
                0x080005e0                TIM20_CC_IRQHandler
                0x080005e0                BusFault_Handler
                0x080005e0                SPI3_IRQHandler
                0x080005e0                DMA2_CH3_IRQHandler
                0x080005e0                DMA2_CH2_IRQHandler
                0x080005e0                I2C1_ER_IRQHandler
                0x080005e0                FMC_IRQHandler
                0x080005e0                DMA1_CH5_IRQHandler
                0x080005e0                DMA2_CH4_IRQHandler
                0x080005e0                USB_WKUP_IRQHandler
                0x080005e0                EXTI2_TSC_IRQHandler
                0x080005e0                TIM1_BRK_TIM15_IRQHandler
 *fill*         0x080005e2        0x2 
 .text.__libc_init_array
                0x080005e4       0x48 C:/ST/STM32CubeIDE_1.18.0/STM32CubeIDE/plugins/com.st.stm32cube.ide.mcu.externaltools.gnu-tools-for-stm32.13.3.rel1.win32_1.0.0.202411081344/tools/bin/../lib/gcc/arm-none-eabi/13.3.1/../../../../arm-none-eabi/lib/thumb/v7e-m+fp/hard\libc_nano.a(libc_a-init.o)
                0x080005e4                __libc_init_array
 *(.glue_7)
 .glue_7        0x0800062c        0x0 linker stubs
 *(.glue_7t)
 .glue_7t       0x0800062c        0x0 linker stubs
 *(.eh_frame)
 .eh_frame      0x0800062c        0x0 C:/ST/STM32CubeIDE_1.18.0/STM32CubeIDE/plugins/com.st.stm32cube.ide.mcu.externaltools.gnu-tools-for-stm32.13.3.rel1.win32_1.0.0.202411081344/tools/bin/../lib/gcc/arm-none-eabi/13.3.1/thumb/v7e-m+fp/hard/crtbegin.o
 *(.init)
 .init          0x0800062c        0x4 C:/ST/STM32CubeIDE_1.18.0/STM32CubeIDE/plugins/com.st.stm32cube.ide.mcu.externaltools.gnu-tools-for-stm32.13.3.rel1.win32_1.0.0.202411081344/tools/bin/../lib/gcc/arm-none-eabi/13.3.1/thumb/v7e-m+fp/hard/crti.o
                0x0800062c                _init
 .init          0x08000630        0x8 C:/ST/STM32CubeIDE_1.18.0/STM32CubeIDE/plugins/com.st.stm32cube.ide.mcu.externaltools.gnu-tools-for-stm32.13.3.rel1.win32_1.0.0.202411081344/tools/bin/../lib/gcc/arm-none-eabi/13.3.1/thumb/v7e-m+fp/hard/crtn.o
 *(.fini)
 .fini          0x08000638        0x4 C:/ST/STM32CubeIDE_1.18.0/STM32CubeIDE/plugins/com.st.stm32cube.ide.mcu.externaltools.gnu-tools-for-stm32.13.3.rel1.win32_1.0.0.202411081344/tools/bin/../lib/gcc/arm-none-eabi/13.3.1/thumb/v7e-m+fp/hard/crti.o
                0x08000638                _fini
 .fini          0x0800063c        0x8 C:/ST/STM32CubeIDE_1.18.0/STM32CubeIDE/plugins/com.st.stm32cube.ide.mcu.externaltools.gnu-tools-for-stm32.13.3.rel1.win32_1.0.0.202411081344/tools/bin/../lib/gcc/arm-none-eabi/13.3.1/thumb/v7e-m+fp/hard/crtn.o
                0x08000644                        . = ALIGN (0x4)
                0x08000644                        _etext = .

.vfp11_veneer   0x08000644        0x0
 .vfp11_veneer  0x08000644        0x0 linker stubs

.v4_bx          0x08000644        0x0
 .v4_bx         0x08000644        0x0 linker stubs

.iplt           0x08000644        0x0
 .iplt          0x08000644        0x0 C:/ST/STM32CubeIDE_1.18.0/STM32CubeIDE/plugins/com.st.stm32cube.ide.mcu.externaltools.gnu-tools-for-stm32.13.3.rel1.win32_1.0.0.202411081344/tools/bin/../lib/gcc/arm-none-eabi/13.3.1/thumb/v7e-m+fp/hard/crtbegin.o

.rodata         0x08000644        0x0
                0x08000644                        . = ALIGN (0x4)
 *(.rodata)
 *(.rodata*)
                0x08000644                        . = ALIGN (0x4)

.ARM.extab      0x08000644        0x0
                0x08000644                        . = ALIGN (0x4)
 *(.ARM.extab* .gnu.linkonce.armextab.*)
                0x08000644                        . = ALIGN (0x4)

.ARM            0x08000644        0x0
                0x08000644                        . = ALIGN (0x4)
                0x08000644                        __exidx_start = .
 *(.ARM.exidx*)
                0x08000644                        __exidx_end = .
                0x08000644                        . = ALIGN (0x4)

.preinit_array  0x08000644        0x0
                0x08000644                        . = ALIGN (0x4)
                0x08000644                        PROVIDE (__preinit_array_start = .)
 *(.preinit_array*)
                0x08000644                        PROVIDE (__preinit_array_end = .)
                0x08000644                        . = ALIGN (0x4)

.init_array     0x08000644        0x4
                0x08000644                        . = ALIGN (0x4)
                0x08000644                        PROVIDE (__init_array_start = .)
 *(SORT_BY_NAME(.init_array.*))
 *(.init_array*)
 .init_array    0x08000644        0x4 C:/ST/STM32CubeIDE_1.18.0/STM32CubeIDE/plugins/com.st.stm32cube.ide.mcu.externaltools.gnu-tools-for-stm32.13.3.rel1.win32_1.0.0.202411081344/tools/bin/../lib/gcc/arm-none-eabi/13.3.1/thumb/v7e-m+fp/hard/crtbegin.o
                0x08000648                        PROVIDE (__init_array_end = .)
                0x08000648                        . = ALIGN (0x4)

.fini_array     0x08000648        0x4
                0x08000648                        . = ALIGN (0x4)
                [!provide]                        PROVIDE (__fini_array_start = .)
 *(SORT_BY_NAME(.fini_array.*))
 *(.fini_array*)
 .fini_array    0x08000648        0x4 C:/ST/STM32CubeIDE_1.18.0/STM32CubeIDE/plugins/com.st.stm32cube.ide.mcu.externaltools.gnu-tools-for-stm32.13.3.rel1.win32_1.0.0.202411081344/tools/bin/../lib/gcc/arm-none-eabi/13.3.1/thumb/v7e-m+fp/hard/crtbegin.o
                [!provide]                        PROVIDE (__fini_array_end = .)
                0x0800064c                        . = ALIGN (0x4)
                0x0800064c                        _sidata = LOADADDR (.data)

.rel.dyn        0x0800064c        0x0
 .rel.iplt      0x0800064c        0x0 C:/ST/STM32CubeIDE_1.18.0/STM32CubeIDE/plugins/com.st.stm32cube.ide.mcu.externaltools.gnu-tools-for-stm32.13.3.rel1.win32_1.0.0.202411081344/tools/bin/../lib/gcc/arm-none-eabi/13.3.1/thumb/v7e-m+fp/hard/crtbegin.o

.data           0x20000000        0x0 load address 0x0800064c
                0x20000000                        . = ALIGN (0x4)
                0x20000000                        _sdata = .
 *(.data)
 *(.data*)
 *(.RamFunc)
 *(.RamFunc*)
                0x20000000                        . = ALIGN (0x4)
                0x20000000                        _edata = .
                0x0800064c                        _siccmram = LOADADDR (.ccmram)

.igot.plt       0x20000000        0x0 load address 0x0800064c
 .igot.plt      0x20000000        0x0 C:/ST/STM32CubeIDE_1.18.0/STM32CubeIDE/plugins/com.st.stm32cube.ide.mcu.externaltools.gnu-tools-for-stm32.13.3.rel1.win32_1.0.0.202411081344/tools/bin/../lib/gcc/arm-none-eabi/13.3.1/thumb/v7e-m+fp/hard/crtbegin.o

.ccmram         0x10000000        0x0 load address 0x0800064c
                0x10000000                        . = ALIGN (0x4)
                0x10000000                        _sccmram = .
 *(.ccmram)
 *(.ccmram*)
                0x10000000                        . = ALIGN (0x4)
                0x10000000                        _eccmram = .
                0x10000000                        . = ALIGN (0x4)

.bss            0x20000000       0x24
                0x20000000                        _sbss = .
                0x20000000                        __bss_start__ = _sbss
 *(.bss)
 .bss           0x20000000       0x1c C:/ST/STM32CubeIDE_1.18.0/STM32CubeIDE/plugins/com.st.stm32cube.ide.mcu.externaltools.gnu-tools-for-stm32.13.3.rel1.win32_1.0.0.202411081344/tools/bin/../lib/gcc/arm-none-eabi/13.3.1/thumb/v7e-m+fp/hard/crtbegin.o
 *(.bss*)
 .bss.ledStates
                0x2000001c        0x1 ./Src/digital_io_c.o
 *fill*         0x2000001d        0x3 
 .bss.buttonCallback
                0x20000020        0x4 ./Src/digital_io_c.o
 *(COMMON)
                0x20000024                        . = ALIGN (0x4)
                0x20000024                        _ebss = .
                0x20000024                        __bss_end__ = _ebss

._user_heap_stack
                0x20000024      0x604
                0x20000028                        . = ALIGN (0x8)
 *fill*         0x20000024        0x4 
                [!provide]                        PROVIDE (end = .)
                0x20000028                        PROVIDE (_end = .)
                0x20000228                        . = (. + _Min_Heap_Size)
 *fill*         0x20000028      0x200 
                0x20000628                        . = (. + _Min_Stack_Size)
 *fill*         0x20000228      0x400 
                0x20000628                        . = ALIGN (0x8)

/DISCARD/
 libc.a(*)
 libm.a(*)
 libgcc.a(*)

.ARM.attributes
                0x00000000       0x30
 *(.ARM.attributes)
 .ARM.attributes
                0x00000000       0x22 C:/ST/STM32CubeIDE_1.18.0/STM32CubeIDE/plugins/com.st.stm32cube.ide.mcu.externaltools.gnu-tools-for-stm32.13.3.rel1.win32_1.0.0.202411081344/tools/bin/../lib/gcc/arm-none-eabi/13.3.1/thumb/v7e-m+fp/hard/crti.o
 .ARM.attributes
                0x00000022       0x34 C:/ST/STM32CubeIDE_1.18.0/STM32CubeIDE/plugins/com.st.stm32cube.ide.mcu.externaltools.gnu-tools-for-stm32.13.3.rel1.win32_1.0.0.202411081344/tools/bin/../lib/gcc/arm-none-eabi/13.3.1/thumb/v7e-m+fp/hard/crtbegin.o
 .ARM.attributes
                0x00000056       0x34 ./Src/digital_io_c.o
 .ARM.attributes
                0x0000008a       0x34 ./Src/main_c.o
 .ARM.attributes
                0x000000be       0x21 ./Startup/startup_stm32f303vctx.o
 .ARM.attributes
                0x000000df       0x34 C:/ST/STM32CubeIDE_1.18.0/STM32CubeIDE/plugins/com.st.stm32cube.ide.mcu.externaltools.gnu-tools-for-stm32.13.3.rel1.win32_1.0.0.202411081344/tools/bin/../lib/gcc/arm-none-eabi/13.3.1/../../../../arm-none-eabi/lib/thumb/v7e-m+fp/hard\libc_nano.a(libc_a-init.o)
 .ARM.attributes
                0x00000113       0x22 C:/ST/STM32CubeIDE_1.18.0/STM32CubeIDE/plugins/com.st.stm32cube.ide.mcu.externaltools.gnu-tools-for-stm32.13.3.rel1.win32_1.0.0.202411081344/tools/bin/../lib/gcc/arm-none-eabi/13.3.1/thumb/v7e-m+fp/hard/crtn.o
OUTPUT(Digital_IO_C.elf elf32-littlearm)
LOAD linker stubs
LOAD C:/ST/STM32CubeIDE_1.18.0/STM32CubeIDE/plugins/com.st.stm32cube.ide.mcu.externaltools.gnu-tools-for-stm32.13.3.rel1.win32_1.0.0.202411081344/tools/bin/../lib/gcc/arm-none-eabi/13.3.1/../../../../arm-none-eabi/lib/thumb/v7e-m+fp/hard\libc.a
LOAD C:/ST/STM32CubeIDE_1.18.0/STM32CubeIDE/plugins/com.st.stm32cube.ide.mcu.externaltools.gnu-tools-for-stm32.13.3.rel1.win32_1.0.0.202411081344/tools/bin/../lib/gcc/arm-none-eabi/13.3.1/../../../../arm-none-eabi/lib/thumb/v7e-m+fp/hard\libm.a
LOAD C:/ST/STM32CubeIDE_1.18.0/STM32CubeIDE/plugins/com.st.stm32cube.ide.mcu.externaltools.gnu-tools-for-stm32.13.3.rel1.win32_1.0.0.202411081344/tools/bin/../lib/gcc/arm-none-eabi/13.3.1/thumb/v7e-m+fp/hard\libgcc.a

.debug_info     0x00000000      0xc46
 .debug_info    0x00000000      0xa3c ./Src/digital_io_c.o
 .debug_info    0x00000a3c      0x1da ./Src/main_c.o
 .debug_info    0x00000c16       0x30 ./Startup/startup_stm32f303vctx.o

.debug_abbrev   0x00000000      0x357
 .debug_abbrev  0x00000000      0x20f ./Src/digital_io_c.o
 .debug_abbrev  0x0000020f      0x124 ./Src/main_c.o
 .debug_abbrev  0x00000333       0x24 ./Startup/startup_stm32f303vctx.o

.debug_aranges  0x00000000       0xb8
 .debug_aranges
                0x00000000       0x60 ./Src/digital_io_c.o
 .debug_aranges
                0x00000060       0x30 ./Src/main_c.o
 .debug_aranges
                0x00000090       0x28 ./Startup/startup_stm32f303vctx.o

.debug_rnglists
                0x00000000       0x7d
 .debug_rnglists
                0x00000000       0x44 ./Src/digital_io_c.o
 .debug_rnglists
                0x00000044       0x20 ./Src/main_c.o
 .debug_rnglists
                0x00000064       0x19 ./Startup/startup_stm32f303vctx.o

.debug_macro    0x00000000    0x14f21
 .debug_macro   0x00000000       0xd2 ./Src/digital_io_c.o
 .debug_macro   0x000000d2      0xae4 ./Src/digital_io_c.o
 .debug_macro   0x00000bb6       0x22 ./Src/digital_io_c.o
 .debug_macro   0x00000bd8       0x8e ./Src/digital_io_c.o
 .debug_macro   0x00000c66       0x51 ./Src/digital_io_c.o
 .debug_macro   0x00000cb7      0x103 ./Src/digital_io_c.o
 .debug_macro   0x00000dba       0x6a ./Src/digital_io_c.o
 .debug_macro   0x00000e24      0x1df ./Src/digital_io_c.o
 .debug_macro   0x00001003       0x28 ./Src/digital_io_c.o
 .debug_macro   0x0000102b       0x1c ./Src/digital_io_c.o
 .debug_macro   0x00001047       0x22 ./Src/digital_io_c.o
 .debug_macro   0x00001069       0xd9 ./Src/digital_io_c.o
 .debug_macro   0x00001142     0x102d ./Src/digital_io_c.o
 .debug_macro   0x0000216f      0x11f ./Src/digital_io_c.o
 .debug_macro   0x0000228e    0x12a3a ./Src/digital_io_c.o
 .debug_macro   0x00014cc8      0x190 ./Src/digital_io_c.o
 .debug_macro   0x00014e58       0xc9 ./Src/main_c.o

.debug_line     0x00000000      0xd64
 .debug_line    0x00000000      0x708 ./Src/digital_io_c.o
 .debug_line    0x00000708      0x5e1 ./Src/main_c.o
 .debug_line    0x00000ce9       0x7b ./Startup/startup_stm32f303vctx.o

.debug_str      0x00000000    0x72b5f
 .debug_str     0x00000000    0x72b5f ./Src/digital_io_c.o
                              0x72e16 (size before relaxing)
 .debug_str     0x00072b5f    0x7243e ./Src/main_c.o
 .debug_str     0x00072b5f       0x70 ./Startup/startup_stm32f303vctx.o

.comment        0x00000000       0x43
 .comment       0x00000000       0x43 ./Src/digital_io_c.o
                                 0x44 (size before relaxing)
 .comment       0x00000043       0x44 ./Src/main_c.o

.debug_frame    0x00000000      0x204
 .debug_frame   0x00000000      0x160 ./Src/digital_io_c.o
 .debug_frame   0x00000160       0x78 ./Src/main_c.o
 .debug_frame   0x000001d8       0x2c C:/ST/STM32CubeIDE_1.18.0/STM32CubeIDE/plugins/com.st.stm32cube.ide.mcu.externaltools.gnu-tools-for-stm32.13.3.rel1.win32_1.0.0.202411081344/tools/bin/../lib/gcc/arm-none-eabi/13.3.1/../../../../arm-none-eabi/lib/thumb/v7e-m+fp/hard\libc_nano.a(libc_a-init.o)

.debug_line_str
                0x00000000       0x54
 .debug_line_str
                0x00000000       0x54 ./Startup/startup_stm32f303vctx.o
