C:/Users/marcu/STM32Cube/Repository/STM32Cube_FW_F3_V1.11.5/Drivers/CMSIS/Core/Include/core_cm4.h:1688:22:__NVIC_EnableIRQ	16	static
C:/Users/marcu/STM32Cube/Repository/STM32Cube_FW_F3_V1.11.5/Drivers/CMSIS/Core/Include/core_cm4.h:1816:22:__NVIC_SetPriority	16	static
../Src/digital_io_c.c:16:6:DigitalIO_Init	24	static,ignoring_inline_asm
../Src/digital_io_c.c:65:6:DigitalIO_SetButtonCallback	16	static
../Src/digital_io_c.c:72:6:DigitalIO_SetLED	24	static
../Src/digital_io_c.c:91:9:DigitalIO_GetLEDState	16	static
../Src/digital_io_c.c:103:6:DigitalIO_SetLEDPattern	24	static
../Src/digital_io_c.c:115:9:DigitalIO_GetLEDPattern	4	static
../Src/digital_io_c.c:124:6:EXTI0_IRQHandler	8	static
