Archive member included to satisfy reference by file (symbol)

/Applications/STM32CubeIDE.app/Contents/Eclipse/plugins/com.st.stm32cube.ide.mcu.externaltools.gnu-tools-for-stm32.13.3.rel1.macos64_1.0.0.202411102158/tools/bin/../lib/gcc/arm-none-eabi/13.3.1/../../../../arm-none-eabi/lib/thumb/v7e-m+fp/hard/libc_nano.a(libc_a-exit.o)
                              /Applications/STM32CubeIDE.app/Contents/Eclipse/plugins/com.st.stm32cube.ide.mcu.externaltools.gnu-tools-for-stm32.13.3.rel1.macos64_1.0.0.202411102158/tools/bin/../lib/gcc/arm-none-eabi/13.3.1/../../../../arm-none-eabi/lib/thumb/v7e-m+fp/hard/crt0.o (exit)
/Applications/STM32CubeIDE.app/Contents/Eclipse/plugins/com.st.stm32cube.ide.mcu.externaltools.gnu-tools-for-stm32.13.3.rel1.macos64_1.0.0.202411102158/tools/bin/../lib/gcc/arm-none-eabi/13.3.1/../../../../arm-none-eabi/lib/thumb/v7e-m+fp/hard/libc_nano.a(libc_a-findfp.o)
                              /Applications/STM32CubeIDE.app/Contents/Eclipse/plugins/com.st.stm32cube.ide.mcu.externaltools.gnu-tools-for-stm32.13.3.rel1.macos64_1.0.0.202411102158/tools/bin/../lib/gcc/arm-none-eabi/13.3.1/../../../../arm-none-eabi/lib/thumb/v7e-m+fp/hard/libc_nano.a(libc_a-exit.o) (__stdio_exit_handler)
/Applications/STM32CubeIDE.app/Contents/Eclipse/plugins/com.st.stm32cube.ide.mcu.externaltools.gnu-tools-for-stm32.13.3.rel1.macos64_1.0.0.202411102158/tools/bin/../lib/gcc/arm-none-eabi/13.3.1/../../../../arm-none-eabi/lib/thumb/v7e-m+fp/hard/libc_nano.a(libc_a-fwalk.o)
                              /Applications/STM32CubeIDE.app/Contents/Eclipse/plugins/com.st.stm32cube.ide.mcu.externaltools.gnu-tools-for-stm32.13.3.rel1.macos64_1.0.0.202411102158/tools/bin/../lib/gcc/arm-none-eabi/13.3.1/../../../../arm-none-eabi/lib/thumb/v7e-m+fp/hard/libc_nano.a(libc_a-findfp.o) (_fwalk_sglue)
/Applications/STM32CubeIDE.app/Contents/Eclipse/plugins/com.st.stm32cube.ide.mcu.externaltools.gnu-tools-for-stm32.13.3.rel1.macos64_1.0.0.202411102158/tools/bin/../lib/gcc/arm-none-eabi/13.3.1/../../../../arm-none-eabi/lib/thumb/v7e-m+fp/hard/libc_nano.a(libc_a-memset.o)
                              /Applications/STM32CubeIDE.app/Contents/Eclipse/plugins/com.st.stm32cube.ide.mcu.externaltools.gnu-tools-for-stm32.13.3.rel1.macos64_1.0.0.202411102158/tools/bin/../lib/gcc/arm-none-eabi/13.3.1/../../../../arm-none-eabi/lib/thumb/v7e-m+fp/hard/crt0.o (memset)
/Applications/STM32CubeIDE.app/Contents/Eclipse/plugins/com.st.stm32cube.ide.mcu.externaltools.gnu-tools-for-stm32.13.3.rel1.macos64_1.0.0.202411102158/tools/bin/../lib/gcc/arm-none-eabi/13.3.1/../../../../arm-none-eabi/lib/thumb/v7e-m+fp/hard/libc_nano.a(libc_a-errno.o)
                              ./Src/cfiles/syscalls.o (__errno)
/Applications/STM32CubeIDE.app/Contents/Eclipse/plugins/com.st.stm32cube.ide.mcu.externaltools.gnu-tools-for-stm32.13.3.rel1.macos64_1.0.0.202411102158/tools/bin/../lib/gcc/arm-none-eabi/13.3.1/../../../../arm-none-eabi/lib/thumb/v7e-m+fp/hard/libc_nano.a(libc_a-init.o)
                              /Applications/STM32CubeIDE.app/Contents/Eclipse/plugins/com.st.stm32cube.ide.mcu.externaltools.gnu-tools-for-stm32.13.3.rel1.macos64_1.0.0.202411102158/tools/bin/../lib/gcc/arm-none-eabi/13.3.1/../../../../arm-none-eabi/lib/thumb/v7e-m+fp/hard/crt0.o (__libc_init_array)
/Applications/STM32CubeIDE.app/Contents/Eclipse/plugins/com.st.stm32cube.ide.mcu.externaltools.gnu-tools-for-stm32.13.3.rel1.macos64_1.0.0.202411102158/tools/bin/../lib/gcc/arm-none-eabi/13.3.1/../../../../arm-none-eabi/lib/thumb/v7e-m+fp/hard/libc_nano.a(libc_a-lock.o)
                              /Applications/STM32CubeIDE.app/Contents/Eclipse/plugins/com.st.stm32cube.ide.mcu.externaltools.gnu-tools-for-stm32.13.3.rel1.macos64_1.0.0.202411102158/tools/bin/../lib/gcc/arm-none-eabi/13.3.1/../../../../arm-none-eabi/lib/thumb/v7e-m+fp/hard/libc_nano.a(libc_a-findfp.o) (__retarget_lock_init_recursive)
/Applications/STM32CubeIDE.app/Contents/Eclipse/plugins/com.st.stm32cube.ide.mcu.externaltools.gnu-tools-for-stm32.13.3.rel1.macos64_1.0.0.202411102158/tools/bin/../lib/gcc/arm-none-eabi/13.3.1/../../../../arm-none-eabi/lib/thumb/v7e-m+fp/hard/libc_nano.a(libc_a-impure.o)
                              /Applications/STM32CubeIDE.app/Contents/Eclipse/plugins/com.st.stm32cube.ide.mcu.externaltools.gnu-tools-for-stm32.13.3.rel1.macos64_1.0.0.202411102158/tools/bin/../lib/gcc/arm-none-eabi/13.3.1/../../../../arm-none-eabi/lib/thumb/v7e-m+fp/hard/libc_nano.a(libc_a-errno.o) (_impure_ptr)
/Applications/STM32CubeIDE.app/Contents/Eclipse/plugins/com.st.stm32cube.ide.mcu.externaltools.gnu-tools-for-stm32.13.3.rel1.macos64_1.0.0.202411102158/tools/bin/../lib/gcc/arm-none-eabi/13.3.1/../../../../arm-none-eabi/lib/thumb/v7e-m+fp/hard/libc_nano.a(libc_a-mallocr.o)
[...]
Memory Configuration

Name             Origin             Length             Attributes
CCMRAM           0x10000000         0x00002000         xrw
RAM              0x20000000         0x0000a000         xrw
FLASH            0x08000000         0x00040000         xr
*default*        0x00000000         0xffffffff

Linker script and memory map

LOAD /Applications/STM32CubeIDE.app/Contents/Eclipse/plugins/com.st.stm32cube.ide.mcu.externaltools.gnu-tools-for-stm32.13.3.rel1.macos64_1.0.0.202411102158/tools/bin/../lib/gcc/arm-none-eabi/13.3.1/thumb/v7e-m+fp/hard/crti.o
LOAD /Applications/STM32CubeIDE.app/Contents/Eclipse/plugins/com.st.stm32cube.ide.mcu.externaltools.gnu-tools-for-stm32.13.3.rel1.macos64_1.0.0.202411102158/tools/bin/../lib/gcc/arm-none-eabi/13.3.1/thumb/v7e-m+fp/hard/crtbegin.o
LOAD /Applications/STM32CubeIDE.app/Contents/Eclipse/plugins/com.st.stm32cube.ide.mcu.externaltools.gnu-tools-for-stm32.13.3.rel1.macos64_1.0.0.202411102158/tools/bin/../lib/gcc/arm-none-eabi/13.3.1/../../../../arm-none-eabi/lib/thumb/v7e-m+fp/hard/crt0.o
LOAD ./Src/cfiles/a.o
LOAD ./Src/cfiles/b.o
LOAD ./Src/cfiles/c.o
LOAD ./Src/cfiles/syscalls.o
LOAD ./Src/cfiles/sysmem.o
LOAD ./Src/main.o
LOAD ./Startup/startup_stm32f303vctx.o
START GROUP
LOAD /Applications/STM32CubeIDE.app/Contents/Eclipse/plugins/com.st.stm32cube.ide.mcu.externaltools.gnu-tools-for-stm32.13.3.rel1.macos64_1.0.0.202411102158/tools/bin/../lib/gcc/arm-none-eabi/13.3.1/../../../../arm-none-eabi/lib/thumb/v7e-m+fp/hard/libc_nano.a
LOAD /Applications/STM32CubeIDE.app/Contents/Eclipse/plugins/com.st.stm32cube.ide.mcu.externaltools.gnu-tools-for-stm32.13.3.rel1.macos64_1.0.0.202411102158/tools/bin/../lib/gcc/arm-none-eabi/13.3.1/../../../../arm-none-eabi/lib/thumb/v7e-m+fp/hard/libm.a
END GROUP
START GROUP
LOAD /Applications/STM32CubeIDE.app/Contents/Eclipse/plugins/com.st.stm32cube.ide.mcu.externaltools.gnu-tools-for-stm32.13.3.rel1.macos64_1.0.0.202411102158/tools/bin/../lib/gcc/arm-none-eabi/13.3.1/thumb/v7e-m+fp/hard/libgcc.a
LOAD /Applications/STM32CubeIDE.app/Contents/Eclipse/plugins/com.st.stm32cube.ide.mcu.externaltools.gnu-tools-for-stm32.13.3.rel1.macos64_1.0.0.202411102158/tools/bin/../lib/gcc/arm-none-eabi/13.3.1/../../../../arm-none-eabi/lib/thumb/v7e-m+fp/hard/libc_nano.a
END GROUP
START GROUP
LOAD /Applications/STM32CubeIDE.app/Contents/Eclipse/plugins/com.st.stm32cube.ide.mcu.externaltools.gnu-tools-for-stm32.13.3.rel1.macos64_1.0.0.202411102158/tools/bin/../lib/gcc/arm-none-eabi/13.3.1/thumb/v7e-m+fp/hard/libgcc.a
LOAD /Applications/STM32CubeIDE.app/Contents/Eclipse/plugins/com.st.stm32cube.ide.mcu.externaltools.gnu-tools-for-stm32.13.3.rel1.macos64_1.0.0.202411102158/tools/bin/../lib/gcc/arm-none-eabi/13.3.1/../../../../arm-none-eabi/lib/thumb/v7e-m+fp/hard/libc_nano.a
LOAD /Applications/STM32CubeIDE.app/Contents/Eclipse/plugins/com.st.stm32cube.ide.mcu.externaltools.gnu-tools-for-stm32.13.3.rel1.macos64_1.0.0.202411102158/tools/bin/../lib/gcc/arm-none-eabi/13.3.1/../../../../arm-none-eabi/lib/thumb/v7e-m+fp/hard/libnosys.a
END GROUP
START GROUP
LOAD /Applications/STM32CubeIDE.app/Contents/Eclipse/plugins/com.st.stm32cube.ide.mcu.externaltools.gnu-tools-for-stm32.13.3.rel1.macos64_1.0.0.202411102158/tools/bin/../lib/gcc/arm-none-eabi/13.3.1/thumb/v7e-m+fp/hard/libgcc.a
LOAD /Applications/STM32CubeIDE.app/Contents/Eclipse/plugins/com.st.stm32cube.ide.mcu.externaltools.gnu-tools-for-stm32.13.3.rel1.macos64_1.0.0.202411102158/tools/bin/../lib/gcc/arm-none-eabi/13.3.1/../../../../arm-none-eabi/lib/thumb/v7e-m+fp/hard/libc_nano.a
LOAD /Applications/STM32CubeIDE.app/Contents/Eclipse/plugins/com.st.stm32cube.ide.mcu.externaltools.gnu-tools-for-stm32.13.3.rel1.macos64_1.0.0.202411102158/tools/bin/../lib/gcc/arm-none-eabi/13.3.1/../../../../arm-none-eabi/lib/thumb/v7e-m+fp/hard/libnosys.a
END GROUP
LOAD /Applications/STM32CubeIDE.app/Contents/Eclipse/plugins/com.st.stm32cube.ide.mcu.externaltools.gnu-tools-for-stm32.13.3.rel1.macos64_1.0.0.202411102158/tools/bin/../lib/gcc/arm-none-eabi/13.3.1/thumb/v7e-m+fp/hard/crtend.o
LOAD /Applications/STM32CubeIDE.app/Contents/Eclipse/plugins/com.st.stm32cube.ide.mcu.externaltools.gnu-tools-for-stm32.13.3.rel1.macos64_1.0.0.202411102158/tools/bin/../lib/gcc/arm-none-eabi/13.3.1/thumb/v7e-m+fp/hard/crtn.o
                0x2000a000                        _estack = (ORIGIN (RAM) + LENGTH (RAM))
                0x00000200                        _Min_Heap_Size = 0x200
                0x00000400                        _Min_Stack_Size = 0x400

.isr_vector     0x08000000      0x194
                0x08000000                        . = ALIGN (0x4)
 *(.isr_vector)
 .isr_vector    0x08000000      0x194 ./Startup/startup_stm32f303vctx.o
                0x08000000                g_pfnVectors
                0x08000194                        . = ALIGN (0x4)

.text           0x08000194      0x5fc
                0x08000194                        . = ALIGN (0x4)
 *(.text)
 .text          0x08000194       0x40 /Applications/STM32CubeIDE.app/Contents/Eclipse/plugins/com.st.stm32cube.ide.mcu.externaltools.gnu-tools-for-stm32.13.3.rel1.macos64_1.0.0.202411102158/tools/bin/../lib/gcc/arm-none-eabi/13.3.1/thumb/v7e-m+fp/hard/crtbegin.o
 *(.text*)
 .text.__NVIC_EnableIRQ
                0x080001d4       0x3c ./Src/cfiles/a.o
 .text.__NVIC_DisableIRQ
                0x08000210       0x48 ./Src/cfiles/a.o
 .text.__NVIC_ClearPendingIRQ
                0x08000258       0x3c ./Src/cfiles/a.o
 .text.__NVIC_SetPriority
                0x08000294       0x54 ./Src/cfiles/a.o
 .text.enable_clocks
                0x080002e8       0x2c ./Src/cfiles/a.o
                0x080002e8                enable_clocks
 .text.initialise_board
                0x08000314       0x24 ./Src/cfiles/a.o
                0x08000314                initialise_board
 .text.timer_init
                0x08000338       0x84 ./Src/cfiles/a.o
                0x08000338                timer_init
 .text.set_led  0x080003bc       0x50 ./Src/cfiles/a.o
                0x080003bc                set_led
 .text.enable_timer
                0x0800040c       0x1e ./Src/cfiles/a.o
                0x0800040c                enable_timer
 *fill*         0x0800042a        0x2 
 .text.TIM2_IRQHandler
                0x0800042c       0x38 ./Src/cfiles/a.o
                0x0800042c                TIM2_IRQHandler
 .text.__NVIC_EnableIRQ
                0x08000464       0x3c ./Src/cfiles/c.o
 .text.__NVIC_DisableIRQ
                0x080004a0       0x48 ./Src/cfiles/c.o
 .text.__NVIC_ClearPendingIRQ
                0x080004e8       0x3c ./Src/cfiles/c.o
 .text.__NVIC_SetPriority
                0x08000524       0x54 ./Src/cfiles/c.o
 .text.one_shot_trigger
                0x08000578       0xd0 ./Src/cfiles/c.o
                0x08000578                one_shot_trigger
 .text.flash_led
                0x08000648       0x2c ./Src/cfiles/c.o
                0x08000648                flash_led
 .text.main     0x08000674       0x68 ./Src/main.o
                0x08000674                main
 .text.Reset_Handler
                0x080006dc       0x50 ./Startup/startup_stm32f303vctx.o
                0x080006dc                Reset_Handler
 .text.Default_Handler
                0x0800072c        0x2 ./Startup/startup_stm32f303vctx.o
                0x0800072c                TIM1_BRK_TIM15_IRQHandler
                0x0800072c                TIM8_CC_IRQHandler
                0x0800072c                DebugMon_Handler
                0x0800072c                DMA1_CH4_IRQHandler
                0x0800072c                SPI4_IRQHandler
                0x0800072c                TIM1_CC_IRQHandler
                0x0800072c                HardFault_Handler
                0x0800072c                USB_HP_IRQHandler
                0x0800072c                I2C2_EV_EXTI24_IRQHandler
                0x0800072c                SysTick_Handler
                0x0800072c                USB_WKUP_EXTI_IRQHandler
                0x0800072c                PVD_IRQHandler
                0x0800072c                UART4_EXTI34_IRQHandler
                0x0800072c                TAMP_STAMP_IRQHandler
                0x0800072c                PendSV_Handler
                0x0800072c                NMI_Handler
                0x0800072c                EXTI3_IRQHandler
                0x0800072c                I2C3_ER_IRQHandler
                0x0800072c                TIM6_DACUNDER_IRQHandler
                0x0800072c                USB_HP_CAN_TX_IRQHandler
                0x0800072c                EXTI0_IRQHandler
                0x0800072c                DMA2_CH1_IRQHandler
                0x0800072c                TIM1_UP_TIM16_IRQHandler
                0x0800072c                UsageFault_Handler
                0x0800072c                ADC1_2_IRQHandler
                0x0800072c                SPI1_IRQHandler
                0x0800072c                CAN_SCE_IRQHandler
                0x0800072c                DMA1_CH7_IRQHandler
                0x0800072c                TIM8_UP_IRQHandler
                0x0800072c                COMP456_IRQHandler
                0x0800072c                DMA1_CH6_IRQHandler
                0x0800072c                TIM20_TRG_COM_IRQHandler
                0x0800072c                ADC3_IRQHandler
                0x0800072c                TIM4_IRQHandler
                0x0800072c                CAN_RX1_IRQHandler
                0x0800072c                USART1_EXTI25_IRQHandler
                0x0800072c                DMA2_CH5_IRQHandler
                0x0800072c                I2C1_EV_EXTI23_IRQHandler
                0x0800072c                DMA1_CH3_IRQHandler
                0x0800072c                RCC_IRQHandler
                0x0800072c                TIM20_UP_IRQHandler
                0x0800072c                Default_Handler
                0x0800072c                EXTI15_10_IRQHandler
                0x0800072c                USART2_EXTI26_IRQHandler
                0x0800072c                USART3_EXTI28_IRQHandler
                0x0800072c                TIM7_IRQHandler
                0x0800072c                I2C3_EV_IRQHandler
                0x0800072c                EXTI9_5_IRQHandler
                0x0800072c                DMA1_CH2_IRQHandler
                0x0800072c                RTC_WKUP_IRQHandler
                0x0800072c                SPI2_IRQHandler
                0x0800072c                DMA1_CH1_IRQHandler
                0x0800072c                USB_LP_CAN_RX0_IRQHandler
                0x0800072c                MemManage_Handler
                0x0800072c                COMP123_IRQHandler
                0x0800072c                SVC_Handler
                0x0800072c                USB_LP_IRQHandler
                0x0800072c                EXTI4_IRQHandler
                0x0800072c                TIM1_TRG_COM_TIM17_IRQHandler
                0x0800072c                ADC4_IRQHandler
                0x0800072c                WWDG_IRQHandler
                0x0800072c                COMP7_IRQHandler
                0x0800072c                EXTI1_IRQHandler
                0x0800072c                RTCAlarm_IRQHandler
                0x0800072c                UART5_EXTI35_IRQHandler
                0x0800072c                TIM20_BRK_IRQHandler
                0x0800072c                I2C2_ER_IRQHandler
                0x0800072c                TIM8_BRK_IRQHandler
                0x0800072c                FLASH_IRQHandler
                0x0800072c                TIM20_CC_IRQHandler
                0x0800072c                BusFault_Handler
                0x0800072c                SPI3_IRQHandler
                0x0800072c                DMA2_CH3_IRQHandler
                0x0800072c                DMA2_CH2_IRQHandler
                0x0800072c                I2C1_ER_IRQHandler
                0x0800072c                FMC_IRQHandler
                0x0800072c                DMA1_CH5_IRQHandler
                0x0800072c                DMA2_CH4_IRQHandler
                0x0800072c                USB_WKUP_IRQHandler
                0x0800072c                EXTI2_TSC_IRQHandler
                0x0800072c                TIM8_TRG_COM_IRQHandler
 *fill*         0x0800072e        0x2 
 .text.__libc_init_array
                0x08000730       0x48 /Applications/STM32CubeIDE.app/Contents/Eclipse/plugins/com.st.stm32cube.ide.mcu.externaltools.gnu-tools-for-stm32.13.3.rel1.macos64_1.0.0.202411102158/tools/bin/../lib/gcc/arm-none-eabi/13.3.1/../../../../arm-none-eabi/lib/thumb/v7e-m+fp/hard/libc_nano.a(libc_a-init.o)
                0x08000730                __libc_init_array
 *(.glue_7)
 .glue_7        0x08000778        0x0 linker stubs
 *(.glue_7t)
 .glue_7t       0x08000778        0x0 linker stubs
 *(.eh_frame)
 .eh_frame      0x08000778        0x0 /Applications/STM32CubeIDE.app/Contents/Eclipse/plugins/com.st.stm32cube.ide.mcu.externaltools.gnu-tools-for-stm32.13.3.rel1.macos64_1.0.0.202411102158/tools/bin/../lib/gcc/arm-none-eabi/13.3.1/thumb/v7e-m+fp/hard/crtbegin.o
 *(.init)
 .init          0x08000778        0x4 /Applications/STM32CubeIDE.app/Contents/Eclipse/plugins/com.st.stm32cube.ide.mcu.externaltools.gnu-tools-for-stm32.13.3.rel1.macos64_1.0.0.202411102158/tools/bin/../lib/gcc/arm-none-eabi/13.3.1/thumb/v7e-m+fp/hard/crti.o
                0x08000778                _init
 .init          0x0800077c        0x8 /Applications/STM32CubeIDE.app/Contents/Eclipse/plugins/com.st.stm32cube.ide.mcu.externaltools.gnu-tools-for-stm32.13.3.rel1.macos64_1.0.0.202411102158/tools/bin/../lib/gcc/arm-none-eabi/13.3.1/thumb/v7e-m+fp/hard/crtn.o
 *(.fini)
 .fini          0x08000784        0x4 /Applications/STM32CubeIDE.app/Contents/Eclipse/plugins/com.st.stm32cube.ide.mcu.externaltools.gnu-tools-for-stm32.13.3.rel1.macos64_1.0.0.202411102158/tools/bin/../lib/gcc/arm-none-eabi/13.3.1/thumb/v7e-m+fp/hard/crti.o
                0x08000784                _fini
 .fini          0x08000788        0x8 /Applications/STM32CubeIDE.app/Contents/Eclipse/plugins/com.st.stm32cube.ide.mcu.externaltools.gnu-tools-for-stm32.13.3.rel1.macos64_1.0.0.202411102158/tools/bin/../lib/gcc/arm-none-eabi/13.3.1/thumb/v7e-m+fp/hard/crtn.o
                0x08000790                        . = ALIGN (0x4)
                0x08000790                        _etext = .

.vfp11_veneer   0x08000790        0x0
 .vfp11_veneer  0x08000790        0x0 linker stubs

.v4_bx          0x08000790        0x0
 .v4_bx         0x08000790        0x0 linker stubs

.iplt           0x08000790        0x0
 .iplt          0x08000790        0x0 /Applications/STM32CubeIDE.app/Contents/Eclipse/plugins/com.st.stm32cube.ide.mcu.externaltools.gnu-tools-for-stm32.13.3.rel1.macos64_1.0.0.202411102158/tools/bin/../lib/gcc/arm-none-eabi/13.3.1/thumb/v7e-m+fp/hard/crtbegin.o

.rodata         0x08000790        0x0
                0x08000790                        . = ALIGN (0x4)
 *(.rodata)
 *(.rodata*)
                0x08000790                        . = ALIGN (0x4)

.ARM.extab      0x08000790        0x0
                0x08000790                        . = ALIGN (0x4)
 *(.ARM.extab* .gnu.linkonce.armextab.*)
                0x08000790                        . = ALIGN (0x4)

.ARM            0x08000790        0x0
                0x08000790                        . = ALIGN (0x4)
                0x08000790                        __exidx_start = .
 *(.ARM.exidx*)
                0x08000790                        __exidx_end = .
                0x08000790                        . = ALIGN (0x4)

.preinit_array  0x08000790        0x0
                0x08000790                        . = ALIGN (0x4)
                0x08000790                        PROVIDE (__preinit_array_start = .)
 *(.preinit_array*)
                0x08000790                        PROVIDE (__preinit_array_end = .)
                0x08000790                        . = ALIGN (0x4)

.init_array     0x08000790        0x4
                0x08000790                        . = ALIGN (0x4)
                0x08000790                        PROVIDE (__init_array_start = .)
 *(SORT_BY_NAME(.init_array.*))
 *(.init_array*)
 .init_array    0x08000790        0x4 /Applications/STM32CubeIDE.app/Contents/Eclipse/plugins/com.st.stm32cube.ide.mcu.externaltools.gnu-tools-for-stm32.13.3.rel1.macos64_1.0.0.202411102158/tools/bin/../lib/gcc/arm-none-eabi/13.3.1/thumb/v7e-m+fp/hard/crtbegin.o
                0x08000794                        PROVIDE (__init_array_end = .)
                0x08000794                        . = ALIGN (0x4)

.fini_array     0x08000794        0x4
                0x08000794                        . = ALIGN (0x4)
                [!provide]                        PROVIDE (__fini_array_start = .)
 *(SORT_BY_NAME(.fini_array.*))
 *(.fini_array*)
 .fini_array    0x08000794        0x4 /Applications/STM32CubeIDE.app/Contents/Eclipse/plugins/com.st.stm32cube.ide.mcu.externaltools.gnu-tools-for-stm32.13.3.rel1.macos64_1.0.0.202411102158/tools/bin/../lib/gcc/arm-none-eabi/13.3.1/thumb/v7e-m+fp/hard/crtbegin.o
                [!provide]                        PROVIDE (__fini_array_end = .)
                0x08000798                        . = ALIGN (0x4)
                0x08000798                        _sidata = LOADADDR (.data)

.rel.dyn        0x08000798        0x0
 .rel.iplt      0x08000798        0x0 /Applications/STM32CubeIDE.app/Contents/Eclipse/plugins/com.st.stm32cube.ide.mcu.externaltools.gnu-tools-for-stm32.13.3.rel1.macos64_1.0.0.202411102158/tools/bin/../lib/gcc/arm-none-eabi/13.3.1/thumb/v7e-m+fp/hard/crtbegin.o

.data           0x20000000        0x0 load address 0x08000798
                0x20000000                        . = ALIGN (0x4)
                0x20000000                        _sdata = .
 *(.data)
 *(.data*)
 *(.RamFunc)
 *(.RamFunc*)
                0x20000000                        . = ALIGN (0x4)
                0x20000000                        _edata = .
                0x08000798                        _siccmram = LOADADDR (.ccmram)

.igot.plt       0x20000000        0x0 load address 0x08000798
 .igot.plt      0x20000000        0x0 /Applications/STM32CubeIDE.app/Contents/Eclipse/plugins/com.st.stm32cube.ide.mcu.externaltools.gnu-tools-for-stm32.13.3.rel1.macos64_1.0.0.202411102158/tools/bin/../lib/gcc/arm-none-eabi/13.3.1/thumb/v7e-m+fp/hard/crtbegin.o

.ccmram         0x10000000        0x0 load address 0x08000798
                0x10000000                        . = ALIGN (0x4)
                0x10000000                        _sccmram = .
 *(.ccmram)
 *(.ccmram*)
                0x10000000                        . = ALIGN (0x4)
                0x10000000                        _eccmram = .
                0x10000000                        . = ALIGN (0x4)

.bss            0x20000000       0x30
                0x20000000                        _sbss = .
                0x20000000                        __bss_start__ = _sbss
 *(.bss)
 .bss           0x20000000       0x1c /Applications/STM32CubeIDE.app/Contents/Eclipse/plugins/com.st.stm32cube.ide.mcu.externaltools.gnu-tools-for-stm32.13.3.rel1.macos64_1.0.0.202411102158/tools/bin/../lib/gcc/arm-none-eabi/13.3.1/thumb/v7e-m+fp/hard/crtbegin.o
 *(.bss*)
 .bss.timer_callback
                0x2000001c        0x4 ./Src/cfiles/a.o
                0x2000001c                timer_callback
 .bss.current_led
                0x20000020        0x1 ./Src/cfiles/a.o
                0x20000020                current_led
 *fill*         0x20000021        0x3 
 .bss.time_period_ms
                0x20000024        0x4 ./Src/cfiles/a.o
                0x20000024                time_period_ms
 .bss.delay     0x20000028        0x4 ./Src/cfiles/c.o
                0x20000028                delay
 .bss.oneshot_callback
                0x2000002c        0x4 ./Src/cfiles/c.o
                0x2000002c                oneshot_callback
 *(COMMON)
                0x20000030                        . = ALIGN (0x4)
                0x20000030                        _ebss = .
                0x20000030                        __bss_end__ = _ebss

._user_heap_stack
                0x20000030      0x600
                0x20000030                        . = ALIGN (0x8)
                [!provide]                        PROVIDE (end = .)
                0x20000030                        PROVIDE (_end = .)
                0x20000230                        . = (. + _Min_Heap_Size)
 *fill*         0x20000030      0x200 
                0x20000630                        . = (. + _Min_Stack_Size)
 *fill*         0x20000230      0x400 
                0x20000630                        . = ALIGN (0x8)

/DISCARD/
 libc.a(*)
 libm.a(*)
 libgcc.a(*)

.ARM.attributes
                0x00000000       0x30
 *(.ARM.attributes)
 .ARM.attributes
                0x00000000       0x22 /Applications/STM32CubeIDE.app/Contents/Eclipse/plugins/com.st.stm32cube.ide.mcu.externaltools.gnu-tools-for-stm32.13.3.rel1.macos64_1.0.0.202411102158/tools/bin/../lib/gcc/arm-none-eabi/13.3.1/thumb/v7e-m+fp/hard/crti.o
 .ARM.attributes
                0x00000022       0x34 /Applications/STM32CubeIDE.app/Contents/Eclipse/plugins/com.st.stm32cube.ide.mcu.externaltools.gnu-tools-for-stm32.13.3.rel1.macos64_1.0.0.202411102158/tools/bin/../lib/gcc/arm-none-eabi/13.3.1/thumb/v7e-m+fp/hard/crtbegin.o
 .ARM.attributes
                0x00000056       0x34 ./Src/cfiles/a.o
 .ARM.attributes
                0x0000008a       0x34 ./Src/cfiles/c.o
 .ARM.attributes
                0x000000be       0x34 ./Src/main.o
 .ARM.attributes
                0x000000f2       0x21 ./Startup/startup_stm32f303vctx.o
 .ARM.attributes
                0x00000113       0x34 /Applications/STM32CubeIDE.app/Contents/Eclipse/plugins/com.st.stm32cube.ide.mcu.externaltools.gnu-tools-for-stm32.13.3.rel1.macos64_1.0.0.202411102158/tools/bin/../lib/gcc/arm-none-eabi/13.3.1/../../../../arm-none-eabi/lib/thumb/v7e-m+fp/hard/libc_nano.a(libc_a-init.o)
 .ARM.attributes
                0x00000147       0x22 /Applications/STM32CubeIDE.app/Contents/Eclipse/plugins/com.st.stm32cube.ide.mcu.externaltools.gnu-tools-for-stm32.13.3.rel1.macos64_1.0.0.202411102158/tools/bin/../lib/gcc/arm-none-eabi/13.3.1/thumb/v7e-m+fp/hard/crtn.o
OUTPUT(timers_1.elf elf32-littlearm)
LOAD linker stubs
LOAD /Applications/STM32CubeIDE.app/Contents/Eclipse/plugins/com.st.stm32cube.ide.mcu.externaltools.gnu-tools-for-stm32.13.3.rel1.macos64_1.0.0.202411102158/tools/bin/../lib/gcc/arm-none-eabi/13.3.1/../../../../arm-none-eabi/lib/thumb/v7e-m+fp/hard/libc.a
LOAD /Applications/STM32CubeIDE.app/Contents/Eclipse/plugins/com.st.stm32cube.ide.mcu.externaltools.gnu-tools-for-stm32.13.3.rel1.macos64_1.0.0.202411102158/tools/bin/../lib/gcc/arm-none-eabi/13.3.1/../../../../arm-none-eabi/lib/thumb/v7e-m+fp/hard/libm.a
LOAD /Applications/STM32CubeIDE.app/Contents/Eclipse/plugins/com.st.stm32cube.ide.mcu.externaltools.gnu-tools-for-stm32.13.3.rel1.macos64_1.0.0.202411102158/tools/bin/../lib/gcc/arm-none-eabi/13.3.1/thumb/v7e-m+fp/hard/libgcc.a

.debug_info     0x00000000     0x151f
 .debug_info    0x00000000      0xa75 ./Src/cfiles/a.o
 .debug_info    0x00000a75      0x936 ./Src/cfiles/c.o
 .debug_info    0x000013ab      0x144 ./Src/main.o
 .debug_info    0x000014ef       0x30 ./Startup/startup_stm32f303vctx.o

.debug_abbrev   0x00000000      0x523
 .debug_abbrev  0x00000000      0x25f ./Src/cfiles/a.o
 .debug_abbrev  0x0000025f      0x1f6 ./Src/cfiles/c.o
 .debug_abbrev  0x00000455       0xaa ./Src/main.o
 .debug_abbrev  0x000004ff       0x24 ./Startup/startup_stm32f303vctx.o

.debug_aranges  0x00000000       0xf8
 .debug_aranges
                0x00000000       0x68 ./Src/cfiles/a.o
 .debug_aranges
                0x00000068       0x48 ./Src/cfiles/c.o
 .debug_aranges
                0x000000b0       0x20 ./Src/main.o
 .debug_aranges
                0x000000d0       0x28 ./Startup/startup_stm32f303vctx.o

.debug_rnglists
                0x00000000       0xa8
 .debug_rnglists
                0x00000000       0x4a ./Src/cfiles/a.o
 .debug_rnglists
                0x0000004a       0x32 ./Src/cfiles/c.o
 .debug_rnglists
                0x0000007c       0x13 ./Src/main.o
 .debug_rnglists
                0x0000008f       0x19 ./Startup/startup_stm32f303vctx.o

.debug_macro    0x00000000    0x15093
 .debug_macro   0x00000000       0xf9 ./Src/cfiles/a.o
 .debug_macro   0x000000f9      0xae4 ./Src/cfiles/a.o
 .debug_macro   0x00000bdd       0x22 ./Src/cfiles/a.o
 .debug_macro   0x00000bff       0x8e ./Src/cfiles/a.o
 .debug_macro   0x00000c8d       0x51 ./Src/cfiles/a.o
 .debug_macro   0x00000cde      0x103 ./Src/cfiles/a.o
 .debug_macro   0x00000de1       0x6a ./Src/cfiles/a.o
 .debug_macro   0x00000e4b      0x1df ./Src/cfiles/a.o
 .debug_macro   0x0000102a       0x22 ./Src/cfiles/a.o
 .debug_macro   0x0000104c      0x190 ./Src/cfiles/a.o
 .debug_macro   0x000011dc       0x28 ./Src/cfiles/a.o
 .debug_macro   0x00001204       0x1c ./Src/cfiles/a.o
 .debug_macro   0x00001220       0x22 ./Src/cfiles/a.o
 .debug_macro   0x00001242       0xd9 ./Src/cfiles/a.o
 .debug_macro   0x0000131b     0x102d ./Src/cfiles/a.o
 .debug_macro   0x00002348      0x11f ./Src/cfiles/a.o
 .debug_macro   0x00002467    0x12a3a ./Src/cfiles/a.o
 .debug_macro   0x00014ea1       0xf9 ./Src/cfiles/c.o
 .debug_macro   0x00014f9a       0xf9 ./Src/main.o

.debug_line     0x00000000     0x1345
 .debug_line    0x00000000      0x709 ./Src/cfiles/a.o
 .debug_line    0x00000709      0x68e ./Src/cfiles/c.o
 .debug_line    0x00000d97      0x533 ./Src/main.o
 .debug_line    0x000012ca       0x7b ./Startup/startup_stm32f303vctx.o

.debug_str      0x00000000    0x72b98
 .debug_str     0x00000000    0x72b98 ./Src/cfiles/a.o
                              0x72e40 (size before relaxing)
 .debug_str     0x00072b98    0x72d9f ./Src/cfiles/c.o
 .debug_str     0x00072b98    0x727b4 ./Src/main.o
 .debug_str     0x00072b98       0x70 ./Startup/startup_stm32f303vctx.o

.comment        0x00000000       0x43
 .comment       0x00000000       0x43 ./Src/cfiles/a.o
                                 0x44 (size before relaxing)
 .comment       0x00000043       0x44 ./Src/cfiles/c.o
 .comment       0x00000043       0x44 ./Src/main.o

.debug_frame    0x00000000      0x2d4
 .debug_frame   0x00000000      0x180 ./Src/cfiles/a.o
 .debug_frame   0x00000180       0xfc ./Src/cfiles/c.o
 .debug_frame   0x0000027c       0x2c ./Src/main.o
 .debug_frame   0x000002a8       0x2c /Applications/STM32CubeIDE.app/Contents/Eclipse/plugins/com.st.stm32cube.ide.mcu.externaltools.gnu-tools-for-stm32.13.3.rel1.macos64_1.0.0.202411102158/tools/bin/../lib/gcc/arm-none-eabi/13.3.1/../../../../arm-none-eabi/lib/thumb/v7e-m+fp/hard/libc_nano.a(libc_a-init.o)

.debug_line_str
                0x00000000       0x54
 .debug_line_str
                0x00000000       0x54 ./Startup/startup_stm32f303vctx.o
