/Users/willrumi/Desktop/2025_subs/tron_two/MTRX2700-2025/W10-touch-sensor/Drivers/CMSIS/Include/core_cm4.h:1688:22:__NVIC_EnableIRQ	16	static
/Users/willrumi/Desktop/2025_subs/tron_two/MTRX2700-2025/W10-touch-sensor/Drivers/CMSIS/Include/core_cm4.h:1724:22:__NVIC_DisableIRQ	16	static,ignoring_inline_asm
/Users/willrumi/Desktop/2025_subs/tron_two/MTRX2700-2025/W10-touch-sensor/Drivers/CMSIS/Include/core_cm4.h:1777:22:__NVIC_ClearPendingIRQ	16	static
/Users/willrumi/Desktop/2025_subs/tron_two/MTRX2700-2025/W10-touch-sensor/Drivers/CMSIS/Include/core_cm4.h:1816:22:__NVIC_SetPriority	16	static
../Src/cfiles/a.c:14:6:enable_clocks	4	static
../Src/cfiles/a.c:22:6:initialise_board	16	static
../Src/cfiles/a.c:30:6:timer_init	16	static,ignoring_inline_asm
../Src/cfiles/a.c:76:6:set_led	16	static
../Src/cfiles/a.c:97:6:enable_timer	4	static
../Src/cfiles/a.c:103:6:TIM2_IRQHandler	8	static
