18:07:20 **** Clean-only build of configuration Debug for project Digital_IO_B ****
make -j8 clean 
rm -rf ./Startup/startup_stm32f303vctx.d ./Startup/startup_stm32f303vctx.o
rm -rf ./Src/digital_io_b.cyclo ./Src/digital_io_b.d ./Src/digital_io_b.o ./Src/digital_io_b.su ./Src/main_b.cyclo ./Src/main_b.d ./Src/main_b.o ./Src/main_b.su ./Src/syscalls.cyclo ./Src/syscalls.d ./Src/syscalls.o ./Src/syscalls.su ./Src/sysmem.cyclo ./Src/sysmem.d ./Src/sysmem.o ./Src/sysmem.su
rm -rf Digital_IO_A.elf Digital_IO_A.list Digital_IO_A.map default.size.stdout
 
18:07:20 **** Build of configuration Debug for project Digital_IO_B ****
make -j8 all 
arm-none-eabi-gcc -mcpu=cortex-m4 -g3 -DDEBUG -c -x assembler-with-cpp -MMD -MP -MF"Startup/startup_stm32f303vctx.d" -MT"Startup/startup_stm32f303vctx.o" --specs=nano.specs -mfpu=fpv4-sp-d16 -mfloat-abi=hard -mthumb -o "Startup/startup_stm32f303vctx.o" "../Startup/startup_stm32f303vctx.s"
arm-none-eabi-gcc "../Src/digital_io_b.c" -mcpu=cortex-m4 -std=gnu11 -g3 -DDEBUG -DSTM32F303VCTx -DSTM32 -DSTM32F3 -DSTM32F3DISCOVERY -c -I../Inc -I"C:/Users/marcu/STM32Cube/Repository/STM32Cube_FW_F3_V1.11.5/Drivers/CMSIS/Device/ST/STM32F3xx/Include" -I"C:/Users/marcu/STM32Cube/Repository/STM32Cube_FW_F3_V1.11.5/Drivers/CMSIS/Core/Include" -I"C:/Users/marcu/STM32Cube/Repository/STM32Cube_FW_F3_V1.11.5/Drivers/CMSIS/Core_A" -O0 -ffunction-sections -fdata-sections -Wall -fstack-usage -fcyclomatic-complexity -MMD -MP -MF"Src/digital_io_b.d" -MT"Src/digital_io_b.o" --specs=nano.specs -mfpu=fpv4-sp-d16 -mfloat-abi=hard -mthumb -o "Src/digital_io_b.o"
arm-none-eabi-gcc "../Src/main_b.c" -mcpu=cortex-m4 -std=gnu11 -g3 -DDEBUG -DSTM32F303VCTx -DSTM32 -DSTM32F3 -DSTM32F3DISCOVERY -c -I../Inc -I"C:/Users/marcu/STM32Cube/Repository/STM32Cube_FW_F3_V1.11.5/Drivers/CMSIS/Device/ST/STM32F3xx/Include" -I"C:/Users/marcu/STM32Cube/Repository/STM32Cube_FW_F3_V1.11.5/Drivers/CMSIS/Core/Include" -I"C:/Users/marcu/STM32Cube/Repository/STM32Cube_FW_F3_V1.11.5/Drivers/CMSIS/Core_A" -O0 -ffunction-sections -fdata-sections -Wall -fstack-usage -fcyclomatic-complexity -MMD -MP -MF"Src/main_b.d" -MT"Src/main_b.o" --specs=nano.specs -mfpu=fpv4-sp-d16 -mfloat-abi=hard -mthumb -o "Src/main_b.o"
arm-none-eabi-gcc "../Src/syscalls.c" -mcpu=cortex-m4 -std=gnu11 -g3 -DDEBUG -DSTM32F303VCTx -DSTM32 -DSTM32F3 -DSTM32F3DISCOVERY -c -I../Inc -I"C:/Users/marcu/STM32Cube/Repository/STM32Cube_FW_F3_V1.11.5/Drivers/CMSIS/Device/ST/STM32F3xx/Include" -I"C:/Users/marcu/STM32Cube/Repository/STM32Cube_FW_F3_V1.11.5/Drivers/CMSIS/Core/Include" -I"C:/Users/marcu/STM32Cube/Repository/STM32Cube_FW_F3_V1.11.5/Drivers/CMSIS/Core_A" -O0 -ffunction-sections -fdata-sections -Wall -fstack-usage -fcyclomatic-complexity -MMD -MP -MF"Src/syscalls.d" -MT"Src/syscalls.o" --specs=nano.specs -mfpu=fpv4-sp-d16 -mfloat-abi=hard -mthumb -o "Src/syscalls.o"
arm-none-eabi-gcc "../Src/sysmem.c" -mcpu=cortex-m4 -std=gnu11 -g3 -DDEBUG -DSTM32F303VCTx -DSTM32 -DSTM32F3 -DSTM32F3DISCOVERY -c -I../Inc -I"C:/Users/marcu/STM32Cube/Repository/STM32Cube_FW_F3_V1.11.5/Drivers/CMSIS/Device/ST/STM32F3xx/Include" -I"C:/Users/marcu/STM32Cube/Repository/STM32Cube_FW_F3_V1.11.5/Drivers/CMSIS/Core/Include" -I"C:/Users/marcu/STM32Cube/Repository/STM32Cube_FW_F3_V1.11.5/Drivers/CMSIS/Core_A" -O0 -ffunction-sections -fdata-sections -Wall -fstack-usage -fcyclomatic-complexity -MMD -MP -MF"Src/sysmem.d" -MT"Src/sysmem.o" --specs=nano.specs -mfpu=fpv4-sp-d16 -mfloat-abi=hard -mthumb -o "Src/sysmem.o"
../Src/main_b.c:11:2: warning: #warning "FPU is not initialized, but the project is compiling for an FPU. Please initialize the FPU before use." [-Wcpp]
   11 | #warning "FPU is not initialized, but the project is compiling for an FPU. Please initialize the FPU before use."
      |  ^~~~~~~
arm-none-eabi-gcc -o "Digital_IO_A.elf" @"objects.list"   -mcpu=cortex-m4 -T"C:\Users\marcu\MTRX2700-Lab-2\2.2A\STM32F303VCTX_FLASH.ld" --specs=nosys.specs -Wl,-Map="Digital_IO_A.map" -Wl,--gc-sections -static --specs=nano.specs -mfpu=fpv4-sp-d16 -mfloat-abi=hard -mthumb -Wl,--start-group -lc -lm -Wl,--end-group
Finished building target: Digital_IO_A.elf
 
arm-none-eabi-size  Digital_IO_A.elf 
arm-none-eabi-objdump -h -S Digital_IO_A.elf  > "Digital_IO_A.list"
   text	   data	    bss	    dec	    hex	filename
   1508	      0	   1576	   3084	    c0c	Digital_IO_A.elf
Finished building: default.size.stdout
 
Finished building: Digital_IO_A.list
 
18:07:23 **** Incremental Build of configuration Debug for project Digital_IO_B ****
make -j8 all 
arm-none-eabi-gcc -o "Digital_IO_B.elf" @"objects.list"   -mcpu=cortex-m4 -T"C:\Users\marcu\MTRX2700-Lab-2\Digital_IO_B\STM32F303VCTX_FLASH.ld" --specs=nosys.specs -Wl,-Map="Digital_IO_B.map" -Wl,--gc-sections -static --specs=nano.specs -mfpu=fpv4-sp-d16 -mfloat-abi=hard -mthumb -Wl,--start-group -lc -lm -Wl,--end-group
Finished building target: Digital_IO_B.elf
 
arm-none-eabi-size  Digital_IO_B.elf 
arm-none-eabi-objdump -h -S Digital_IO_B.elf  > "Digital_IO_B.list"
   text	   data	    bss	    dec	    hex	filename
   1508	      0	   1576	   3084	    c0c	Digital_IO_B.elf
Finished building: default.size.stdout
 
Finished building: Digital_IO_B.list
 
18:07:25 **** Incremental Build of configuration Debug for project Digital_IO_B ****
make -j8 all 
arm-none-eabi-size  Digital_IO_B.elf 
   text	   data	    bss	    dec	    hex	filename
   1508	      0	   1576	   3084	    c0c	Digital_IO_B.elf
Finished building: default.size.stdout
 
18:11:15 **** Incremental Build of configuration Debug for project Digital_IO_C ****
make -j8 all 
arm-none-eabi-size  Digital_IO_C.elf 
   text	   data	    bss	    dec	    hex	filename
   1612	      0	   1576	   3188	    c74	Digital_IO_C.elf
Finished building: default.size.stdout
 
